Hello Steve,

welcome to http://www.example.org, your username is steve23
